C:\Users\HP 840 G6>cd Desktop

C:\Users\HP 840 G6\Desktop>mkdir my-git-project

C:\Users\HP 840 G6\Desktop>cd my-git-project

C:\Users\HP 840 G6\Desktop\my-git-project>git init
Initialized empty Git repository in C:/Users/HP 840 G6/Desktop/my-git-project/.git/

C:\Users\HP 840 G6\Desktop\my-git-project>git status
On branch master

No commits yet

Untracked files:
  (use "git add <file>..." to include in what will be committed)
        linux-practical.txt

nothing added to commit but untracked files present (use "git add" to track)

C:\Users\HP 840 G6\Desktop\my-git-project>git add linux-practical.txt
warning: in the working copy of 'linux-practical.txt', LF will be replaced by CRLF the next time Git touches it

C:\Users\HP 840 G6\Desktop\my-git-project>git status
On branch master

No commits yet

Changes to be committed:
  (use "git rm --cached <file>..." to unstage)
        new file:   linux-practical.txt


C:\Users\HP 840 G6\Desktop\my-git-project>git commit
Author identity unknown

*** Please tell me who you are.

Run

  git config --global user.email "you@example.com"
  git config --global user.name "Your Name"

to set your account's default identity.
Omit --global to set the identity only in this repository.

